// Jest Snapshot v1, https://goo.gl/fbAQLP

exports[`hanldes pages are no found 1`] = `
"<!DOCTYPE html>
<html lang=\\"en\\">
<head>
<meta charset=\\"utf-8\\">
<title>Error</title>
</head>
<body>
<pre>Cannot GET /whatever</pre>
</body>
</html>
"
`;
